     Assembly listing for: Challenge.mas
                Assembled: Fri May 23 12:41:12 EDT 2014

         |         ORG 100           
100 310C |         ADD One           
101 310D |         ADD Two           
102 310E |         ADD Three         
103 310F |         ADD Four          
104 3110 |         ADD Five          
105 3111 |         ADD Six           
106 3112 |         ADD Seven         
107 3113 |         ADD Eight         
108 3114 |         ADD Nine          
109 3115 |         ADD Ten           
10A 6000 |         OUTPUT            
10B 7000 |         HALT              
10C 0001 |  One    DEC 1             
10D 0002 |  Two    DEC 2             
10E 0003 |  Three  DEC 3             
10F 0004 |  Four   DEC 4             
110 0005 |  Five   DEC 5             
111 0006 |  Six    DEC 6             
112 0007 |  Seven  DEC 7             
113 0008 |  Eight  DEC 8             
114 0009 |  Nine   DEC 9             
115 000A |  Ten    DEC 10            

Assembly successful.

         SYMBOL TABLE
         --------------------------------------------------
          Symbol | Defined | References 
         --------+---------+-------------------------------
          Eight  |   113   | 107
          Five   |   110   | 104
          Four   |   10F   | 103
          Nine   |   114   | 108
          One    |   10C   | 100
          Seven  |   112   | 106
          Six    |   111   | 105
          Ten    |   115   | 109
          Three  |   10E   | 102
          Two    |   10D   | 101
         --------------------------------------------------

