     Assembly listing for: test.mas
                Assembled: Fri May 23 12:29:44 EDT 2014

         |         ORG 100           
100 1112 |         LOAD Addr         
101 2113 |         STORE Next        
102 1114 |         LOAD Num          
103 4117 |         SUBT One          
104 2116 |         STORE Ctr         
105 A000 |         CLEAR             
106 1115 |  Loop   LOAD Sum          
107 B113 |         ADDI Next         
108 2115 |         STORE Sum         
109 1113 |         LOAD Next         
10A 3117 |         ADD One           
10B 2113 |         STORE Next        
10C 1116 |         LOAD Ctr          
10D 4117 |         SUBT One          
10E 2116 |         STORE Ctr         
10F 8800 |         SKIPCOND 800      
110 9106 |         JUMP Loop         
111 7000 |         HALT              
112 0118 |  Addr   HEX 118           
113 0000 |  Next   HEX 0             
114 0005 |  Num    DEC 5             
115 0000 |  Sum    DEC 0             
116 0000 |  Ctr    HEX 0             
117 0001 |  One    DEC 1             
118 000A |         DEC 10            
119 000F |         DEC 15            
11A 0014 |         DEC 20            
11B 0019 |         DEC 25            
11C 001E |         DEC 30            

Assembly successful.

         SYMBOL TABLE
         --------------------------------------------------
          Symbol | Defined | References 
         --------+---------+-------------------------------
          Addr   |   112   | 100
          Ctr    |   116   | 104, 10C, 10E
          Loop   |   106   | 110
          Next   |   113   | 101, 107, 109, 10B
          Num    |   114   | 102
          One    |   117   | 103, 10A, 10D
          Sum    |   115   | 106, 108
         --------------------------------------------------

